Release 10.1.03 - xst K.39 (nt)
Copyright (c) 1995-2008 Xilinx, Inc.  All rights reserved.
--> Parameter TMPDIR set to E:/cs3700/cs3700final/xst/projnav.tmp


Total REAL time to Xst completion: 0.00 secs
Total CPU time to Xst completion: 0.13 secs
 
--> Parameter xsthdpdir set to E:/cs3700/cs3700final/xst


Total REAL time to Xst completion: 0.00 secs
Total CPU time to Xst completion: 0.13 secs
 
--> Reading design: uart.prj

TABLE OF CONTENTS
  1) Synthesis Options Summary
  2) HDL Compilation
  3) Design Hierarchy Analysis
  4) HDL Analysis
  5) HDL Synthesis
     5.1) HDL Synthesis Report
  6) Advanced HDL Synthesis
     6.1) Advanced HDL Synthesis Report
  7) Low Level Synthesis
  8) Partition Report
  9) Final Report
     9.1) Device utilization summary
     9.2) Partition Resource Summary
     9.3) TIMING REPORT


=========================================================================
*                      Synthesis Options Summary                        *
=========================================================================
---- Source Parameters
Input File Name                    : "uart.prj"
Input Format                       : mixed
Ignore Synthesis Constraint File   : NO

---- Target Parameters
Output File Name                   : "uart"
Output Format                      : NGC
Target Device                      : xc2s50-6-tq144

---- Source Options
Top Module Name                    : uart
Automatic FSM Extraction           : YES
FSM Encoding Algorithm             : Auto
Safe Implementation                : No
FSM Style                          : lut
RAM Extraction                     : Yes
RAM Style                          : Auto
ROM Extraction                     : Yes
Mux Style                          : Auto
Decoder Extraction                 : YES
Priority Encoder Extraction        : YES
Shift Register Extraction          : YES
Logical Shifter Extraction         : YES
XOR Collapsing                     : YES
ROM Style                          : Auto
Mux Extraction                     : YES
Resource Sharing                   : YES
Asynchronous To Synchronous        : NO
Multiplier Style                   : lut
Automatic Register Balancing       : No

---- Target Options
Add IO Buffers                     : YES
Global Maximum Fanout              : 100
Add Generic Clock Buffer(BUFG)     : 4
Register Duplication               : YES
Slice Packing                      : YES
Optimize Instantiated Primitives   : NO
Convert Tristates To Logic         : Yes
Use Clock Enable                   : Yes
Use Synchronous Set                : Yes
Use Synchronous Reset              : Yes
Pack IO Registers into IOBs        : auto
Equivalent register Removal        : YES

---- General Options
Optimization Goal                  : Speed
Optimization Effort                : 1
Library Search Order               : uart.lso
Keep Hierarchy                     : NO
Netlist Hierarchy                  : as_optimized
RTL Output                         : Yes
Global Optimization                : AllClockNets
Read Cores                         : YES
Write Timing Constraints           : NO
Cross Clock Analysis               : NO
Hierarchy Separator                : /
Bus Delimiter                      : <>
Case Specifier                     : maintain
Slice Utilization Ratio            : 100
BRAM Utilization Ratio             : 100
Verilog 2001                       : YES
Auto BRAM Packing                  : NO
Slice Utilization Ratio Delta      : 5

=========================================================================


=========================================================================
*                          HDL Compilation                              *
=========================================================================
Compiling verilog file "sender.v" in library work
Compiling verilog file "receiver.v" in library work
Module <sender> compiled
Compiling verilog file "uart.vf" in library work
Module <receiver> compiled
Module <uart> compiled
No errors in compilation
Analysis of file <"uart.prj"> succeeded.
 

=========================================================================
*                     Design Hierarchy Analysis                         *
=========================================================================
Analyzing hierarchy for module <uart> in library <work>.

Analyzing hierarchy for module <receiver> in library <work> with parameters.
	hs1 = "00000000000000000000000000001011"
	hs2 = "00000000000000000000000000001100"
	idle = "00000000000000000000000000000000"
	rcv_bit1 = "00000000000000000000000000001000"
	rcv_bit2 = "00000000000000000000000000000111"
	rcv_bit3 = "00000000000000000000000000000110"
	rcv_bit4 = "00000000000000000000000000000101"
	rcv_bit5 = "00000000000000000000000000000100"
	rcv_bit6 = "00000000000000000000000000000011"
	rcv_bit7 = "00000000000000000000000000000010"
	rcv_bitp = "00000000000000000000000000001001"
	rcv_bits = "00000000000000000000000000001010"
	rcv_start = "00000000000000000000000000000001"

Analyzing hierarchy for module <sender> in library <work> with parameters.
	hs1 = "00000000000000000000000000001100"
	hs2 = "00000000000000000000000000001101"
	idle = "00000000000000000000000000000000"
	xmt_bit1 = "00000000000000000000000000001000"
	xmt_bit2 = "00000000000000000000000000000111"
	xmt_bit3 = "00000000000000000000000000000110"
	xmt_bit4 = "00000000000000000000000000000101"
	xmt_bit5 = "00000000000000000000000000000100"
	xmt_bit6 = "00000000000000000000000000000011"
	xmt_bit7 = "00000000000000000000000000000010"
	xmt_bitp = "00000000000000000000000000001001"
	xmt_bits1 = "00000000000000000000000000001010"
	xmt_bits2 = "00000000000000000000000000001011"
	xmt_start = "00000000000000000000000000000001"


=========================================================================
*                            HDL Analysis                               *
=========================================================================
Analyzing top module <uart>.
Module <uart> is correct for synthesis.
 
Analyzing module <receiver> in library <work>.
	hs1 = 32'sb00000000000000000000000000001011
	hs2 = 32'sb00000000000000000000000000001100
	idle = 32'sb00000000000000000000000000000000
	rcv_bit1 = 32'sb00000000000000000000000000001000
	rcv_bit2 = 32'sb00000000000000000000000000000111
	rcv_bit3 = 32'sb00000000000000000000000000000110
	rcv_bit4 = 32'sb00000000000000000000000000000101
	rcv_bit5 = 32'sb00000000000000000000000000000100
	rcv_bit6 = 32'sb00000000000000000000000000000011
	rcv_bit7 = 32'sb00000000000000000000000000000010
	rcv_bitp = 32'sb00000000000000000000000000001001
	rcv_bits = 32'sb00000000000000000000000000001010
	rcv_start = 32'sb00000000000000000000000000000001
Module <receiver> is correct for synthesis.
 
Analyzing module <sender> in library <work>.
	hs1 = 32'sb00000000000000000000000000001100
	hs2 = 32'sb00000000000000000000000000001101
	idle = 32'sb00000000000000000000000000000000
	xmt_bit1 = 32'sb00000000000000000000000000001000
	xmt_bit2 = 32'sb00000000000000000000000000000111
	xmt_bit3 = 32'sb00000000000000000000000000000110
	xmt_bit4 = 32'sb00000000000000000000000000000101
	xmt_bit5 = 32'sb00000000000000000000000000000100
	xmt_bit6 = 32'sb00000000000000000000000000000011
	xmt_bit7 = 32'sb00000000000000000000000000000010
	xmt_bitp = 32'sb00000000000000000000000000001001
	xmt_bits1 = 32'sb00000000000000000000000000001010
	xmt_bits2 = 32'sb00000000000000000000000000001011
	xmt_start = 32'sb00000000000000000000000000000001
Module <sender> is correct for synthesis.
 

=========================================================================
*                           HDL Synthesis                               *
=========================================================================

Performing bidirectional port resolution...

Synthesizing Unit <receiver>.
    Related source file is "receiver.v".
    Found finite state machine <FSM_0> for signal <state>.
    -----------------------------------------------------------------------
    | States             | 13                                             |
    | Transitions        | 26                                             |
    | Inputs             | 3                                              |
    | Outputs            | 12                                             |
    | Clock              | clk (rising_edge)                              |
    | Clock enable       | enable (positive)                              |
    | Reset              | clr (negative)                                 |
    | Reset type         | synchronous                                    |
    | Reset State        | 00000                                          |
    | Encoding           | automatic                                      |
    | Implementation     | LUT                                            |
    -----------------------------------------------------------------------
    Found 1-bit register for signal <req>.
    Found 8-bit register for signal <data>.
    Found 4-bit up counter for signal <count>.
    Found 4-bit comparator greatequal for signal <count$cmp_ge0000> created at line 30.
    Found 10-bit up counter for signal <divide>.
    Found 1-bit register for signal <enable>.
    Summary:
	inferred   1 Finite State Machine(s).
	inferred   2 Counter(s).
	inferred  10 D-type flip-flop(s).
	inferred   1 Comparator(s).
Unit <receiver> synthesized.


Synthesizing Unit <sender>.
    Related source file is "sender.v".
    Found finite state machine <FSM_1> for signal <state>.
    -----------------------------------------------------------------------
    | States             | 14                                             |
    | Transitions        | 28                                             |
    | Inputs             | 3                                              |
    | Outputs            | 13                                             |
    | Clock              | clk (rising_edge)                              |
    | Clock enable       | enable (positive)                              |
    | Reset              | clr (negative)                                 |
    | Reset type         | synchronous                                    |
    | Reset State        | 00000                                          |
    | Encoding           | automatic                                      |
    | Implementation     | LUT                                            |
    -----------------------------------------------------------------------
    Found 1-bit register for signal <ack>.
    Found 1-bit register for signal <xmt>.
    Found 4-bit up counter for signal <count>.
    Found 4-bit comparator greatequal for signal <count$cmp_ge0000> created at line 31.
    Found 10-bit up counter for signal <divide>.
    Found 1-bit register for signal <enable>.
    Summary:
	inferred   1 Finite State Machine(s).
	inferred   2 Counter(s).
	inferred   3 D-type flip-flop(s).
	inferred   1 Comparator(s).
Unit <sender> synthesized.


Synthesizing Unit <uart>.
    Related source file is "uart.vf".
Unit <uart> synthesized.


=========================================================================
HDL Synthesis Report

Macro Statistics
# Counters                                             : 4
 10-bit up counter                                     : 2
 4-bit up counter                                      : 2
# Registers                                            : 13
 1-bit register                                        : 13
# Comparators                                          : 2
 4-bit comparator greatequal                           : 2

=========================================================================

=========================================================================
*                       Advanced HDL Synthesis                          *
=========================================================================

Analyzing FSM <FSM_1> for best encoding.
Optimizing FSM <XLXI_2/state/FSM> on signal <state[1:4]> with gray encoding.
-------------------
 State | Encoding
-------------------
 00000 | 0000
 01100 | 0001
 01101 | 0011
 00001 | 0010
 01000 | 0110
 00111 | 0111
 00110 | 0101
 00101 | 0100
 00100 | 1100
 00011 | 1101
 00010 | 1111
 01001 | 1110
 01010 | 1010
 01011 | 1011
-------------------
Analyzing FSM <FSM_0> for best encoding.
Optimizing FSM <XLXI_1/state/FSM> on signal <state[1:4]> with gray encoding.
-------------------
 State | Encoding
-------------------
 00000 | 0000
 00001 | 0001
 01000 | 0011
 00111 | 0010
 00110 | 0110
 00101 | 0111
 00100 | 0101
 00011 | 0100
 00010 | 1100
 01001 | 1101
 01010 | 1111
 01011 | 1110
 01100 | 1010
-------------------
Loading device for application Rf_Device from file 'v50.nph' in environment C:\Xilinx\10.1\ISE.

=========================================================================
Advanced HDL Synthesis Report

Macro Statistics
# Counters                                             : 4
 10-bit up counter                                     : 2
 4-bit up counter                                      : 2
# Registers                                            : 21
 Flip-Flops                                            : 21
# Comparators                                          : 2
 4-bit comparator greatequal                           : 2

=========================================================================

=========================================================================
*                         Low Level Synthesis                           *
=========================================================================

Optimizing unit <uart> ...

Optimizing unit <receiver> ...

Optimizing unit <sender> ...

Mapping all equations...
Building and optimizing final netlist ...
Found area constraint ratio of 100 (+ 5) on block uart, actual ratio is 8.
FlipFlop XLXI_1/state_FSM_FFd1 has been replicated 1 time(s)
FlipFlop XLXI_1/state_FSM_FFd2 has been replicated 1 time(s)

Final Macro Processing ...

=========================================================================
Final Register Report

Macro Statistics
# Registers                                            : 51
 Flip-Flops                                            : 51

=========================================================================

=========================================================================
*                           Partition Report                             *
=========================================================================

Partition Implementation Status
-------------------------------

  No Partitions were found in this design.

-------------------------------

=========================================================================
*                            Final Report                               *
=========================================================================
Final Results
RTL Top Level Output File Name     : uart.ngr
Top Level Output File Name         : uart
Output Format                      : NGC
Optimization Goal                  : Speed
Keep Hierarchy                     : NO

Design Statistics
# IOs                              : 12

Cell Usage :
# BELS                             : 154
#      GND                         : 1
#      INV                         : 5
#      LUT1                        : 18
#      LUT2                        : 9
#      LUT2_D                      : 1
#      LUT2_L                      : 1
#      LUT3                        : 12
#      LUT3_D                      : 1
#      LUT3_L                      : 3
#      LUT4                        : 43
#      LUT4_D                      : 1
#      LUT4_L                      : 11
#      MUXCY                       : 18
#      MUXF5                       : 7
#      MUXF6                       : 2
#      VCC                         : 1
#      XORCY                       : 20
# FlipFlops/Latches                : 51
#      FDR                         : 24
#      FDRE                        : 18
#      FDS                         : 9
# Clock Buffers                    : 1
#      BUFGP                       : 1
# IO Buffers                       : 11
#      IBUF                        : 2
#      OBUF                        : 9
=========================================================================

Device utilization summary:
---------------------------

Selected Device : 2s50tq144-6 

 Number of Slices:                       54  out of    768     7%  
 Number of Slice Flip Flops:             51  out of   1536     3%  
 Number of 4 input LUTs:                105  out of   1536     6%  
 Number of IOs:                          12
 Number of bonded IOBs:                  12  out of     92    13%  
 Number of GCLKs:                         1  out of      4    25%  

---------------------------
Partition Resource Summary:
---------------------------

  No Partitions were found in this design.

---------------------------


=========================================================================
TIMING REPORT

NOTE: THESE TIMING NUMBERS ARE ONLY A SYNTHESIS ESTIMATE.
      FOR ACCURATE TIMING INFORMATION PLEASE REFER TO THE TRACE REPORT
      GENERATED AFTER PLACE-and-ROUTE.

Clock Information:
------------------
-----------------------------------+------------------------+-------+
Clock Signal                       | Clock buffer(FF name)  | Load  |
-----------------------------------+------------------------+-------+
clock                              | BUFGP                  | 51    |
-----------------------------------+------------------------+-------+

Asynchronous Control Signals Information:
----------------------------------------
No asynchronous control signals found in this design

Timing Summary:
---------------
Speed Grade: -6

   Minimum period: 9.442ns (Maximum Frequency: 105.910MHz)
   Minimum input arrival time before clock: 7.298ns
   Maximum output required time after clock: 7.085ns
   Maximum combinational path delay: No path found

Timing Detail:
--------------
All values displayed in nanoseconds (ns)

=========================================================================
Timing constraint: Default period analysis for Clock 'clock'
  Clock period: 9.442ns (frequency: 105.910MHz)
  Total number of paths / destination ports: 863 / 108
-------------------------------------------------------------------------
Delay:               9.442ns (Levels of Logic = 3)
  Source:            XLXI_1/divide_0 (FF)
  Destination:       XLXI_1/divide_9 (FF)
  Source Clock:      clock rising
  Destination Clock: clock rising

  Data Path: XLXI_1/divide_0 to XLXI_1/divide_9
                                Gate     Net
    Cell:in->out      fanout   Delay   Delay  Logical Name (Net Name)
    ----------------------------------------  ------------
     FDR:C->Q              2   1.085   1.206  XLXI_1/divide_0 (XLXI_1/divide_0)
     LUT4:I0->O            1   0.549   1.035  XLXI_1/count_cmp_eq000019 (XLXI_1/count_cmp_eq000019)
     LUT4:I2->O            7   0.549   1.755  XLXI_1/count_cmp_eq000032 (XLXI_1/count_cmp_eq0000)
     LUT2:I1->O           10   0.549   1.980  XLXI_1/divide_or00001 (XLXI_1/divide_or0000)
     FDR:R                     0.734          XLXI_1/divide_0
    ----------------------------------------
    Total                      9.442ns (3.466ns logic, 5.976ns route)
                                       (36.7% logic, 63.3% route)

=========================================================================
Timing constraint: Default OFFSET IN BEFORE for Clock 'clock'
  Total number of paths / destination ports: 61 / 57
-------------------------------------------------------------------------
Offset:              7.298ns (Levels of Logic = 4)
  Source:            receive (PAD)
  Destination:       XLXI_1/count_3 (FF)
  Destination Clock: clock rising

  Data Path: receive to XLXI_1/count_3
                                Gate     Net
    Cell:in->out      fanout   Delay   Delay  Logical Name (Net Name)
    ----------------------------------------  ------------
     IBUF:I->O             5   0.776   1.566  receive_IBUF (receive_IBUF)
     LUT3:I2->O            1   0.549   1.035  XLXI_1/count_or000023_SW0 (N13)
     LUT4_L:I0->LO         1   0.549   0.100  XLXI_1/count_or000023 (XLXI_1/count_or000023)
     LUT3:I0->O            4   0.549   1.440  XLXI_1/count_or000032 (XLXI_1/count_or0000)
     FDRE:R                    0.734          XLXI_1/count_0
    ----------------------------------------
    Total                      7.298ns (3.157ns logic, 4.141ns route)
                                       (43.3% logic, 56.7% route)

=========================================================================
Timing constraint: Default OFFSET OUT AFTER for Clock 'clock'
  Total number of paths / destination ports: 9 / 9
-------------------------------------------------------------------------
Offset:              7.085ns (Levels of Logic = 1)
  Source:            XLXI_1/data_7 (FF)
  Destination:       data<7> (PAD)
  Source Clock:      clock rising

  Data Path: XLXI_1/data_7 to data<7>
                                Gate     Net
    Cell:in->out      fanout   Delay   Delay  Logical Name (Net Name)
    ----------------------------------------  ------------
     FDS:C->Q              3   1.085   1.332  XLXI_1/data_7 (XLXI_1/data_7)
     OBUF:I->O                 4.668          data_7_OBUF (data<7>)
    ----------------------------------------
    Total                      7.085ns (5.753ns logic, 1.332ns route)
                                       (81.2% logic, 18.8% route)

=========================================================================


Total REAL time to Xst completion: 16.00 secs
Total CPU time to Xst completion: 15.92 secs
 
--> 

Total memory usage is 123252 kilobytes

Number of errors   :    0 (   0 filtered)
Number of warnings :    0 (   0 filtered)
Number of infos    :    0 (   0 filtered)

